
> kigholding-web@0.1.0 build:css
> tailwindcss -i ./wwwroot/css/input.css -o ./wwwroot/css/site.css --postcss --minify

npm : Browserslist: caniuse-lite is outdated. Please run:
At line:1 char:1
+ npm run build:css > build_error.log 2>&1
+ ~~~~~~~~~~~~~~~~~~~~~~~~~~~~~~~~~~~~~~~~
    + CategoryInfo          : NotSpecified: (Browserslist: c...ed. Please run::String) [], RemoteException
    + FullyQualifiedErrorId : NativeCommandError
 
  npx update-browserslist-db@latest
  Why you should do it regularly: https://github.com/browserslist/update-db#readme

Rebuilding...
CssSyntaxError: tailwindcss: F:\Coding\Web development\KIG Holding\KIGHolding\wwwroot\css\input.css:148:5: The 
`duration-800` class does not exist. If `duration-800` is a custom class, make sure it is defined within a `@layer` 
directive.
    at Input.error (F:\Coding\Web development\KIG Holding\KIGHolding\node_modules\postcss\lib\input.js:135:16)
    at AtRule.error (F:\Coding\Web development\KIG Holding\KIGHolding\node_modules\postcss\lib\node.js:146:32)
    at processApply (F:\Coding\Web development\KIG 
Holding\KIGHolding\node_modules\tailwindcss\lib\lib\expandApplyAtRules.js:380:29)
    at F:\Coding\Web development\KIG Holding\KIGHolding\node_modules\tailwindcss\lib\lib\expandApplyAtRules.js:551:9
    at F:\Coding\Web development\KIG Holding\KIGHolding\node_modules\tailwindcss\lib\processTailwindFeatures.js:55:50
    at async Object.Once (F:\Coding\Web development\KIG 
Holding\KIGHolding\node_modules\tailwindcss\lib\cli\build\plugin.js:248:17)
    at async LazyResult.runAsync (F:\Coding\Web development\KIG 
Holding\KIGHolding\node_modules\postcss\lib\lazy-result.js:293:11)
    at async build (F:\Coding\Web development\KIG 
Holding\KIGHolding\node_modules\tailwindcss\lib\cli\build\index.js:49:9) {
  reason: 'The `duration-800` class does not exist. If `duration-800` is a custom class, make sure it is defined 
within a `@layer` directive.',
  file: 'F:\\Coding\\Web development\\KIG Holding\\KIGHolding\\wwwroot\\css\\input.css',
  source: '@tailwind base;\n' +
    '@tailwind components;\n' +
    '@tailwind utilities;\n' +
    '\n' +
    '@layer base {\n' +
    '  :root {\n' +
    '    color-scheme: light;\n' +
    '\n' +
    '    /* Theme Tokens - Phase 1 Red Migration */\n' +
    '    --color-brand-primary: #A30D1E;\n' +
    '    --color-brand-primary-deep: #7A0714;\n' +
    '    --color-brand-primary-soft: #FDECEE;\n' +
    '    --color-brand-primary-glow: 163 13 30;\n' +
    '\n' +
    '    --color-brand-light: #F9FAFB;\n' +
    '    --color-brand-canvas: #FFFFFF;\n' +
    '    --color-brand-sand: #F3F4F6;\n' +
    '    --color-brand-border: #E5E7EB;\n' +
    '\n' +
    '    --color-brand-dark: #111827;\n' +
    '    --color-brand-black: #0B0B0B;\n' +
    '\n' +
    '    /* Legacy Gold Compatibility */\n' +
    '    --color-brand-gold: #B89A62;\n' +
    '    --color-brand-gold-deep: #9E7F43;\n' +
    '    --color-brand-gold-soft: #E7D9BD;\n' +
    '  }\n' +
    '\n' +
    '  html {\n' +
    '    text-rendering: optimizeLegibility;\n' +
    '    -webkit-font-smoothing: antialiased;\n' +
    '    -moz-osx-font-smoothing: grayscale;\n' +
    '  }\n' +
    '\n' +
    '  body {\n' +
    '    @apply min-h-screen bg-brand-light font-sans text-brand-dark;\n' +
    '    background:\n' +
    '      radial-gradient(circle at 0% 0%, rgba(var(--color-brand-primary-glow), 0.045), transparent 30rem),\n' +
    '      radial-gradient(circle at 100% 20%, rgba(var(--color-brand-primary-glow), 0.03), transparent 26rem),\n' +
    '      linear-gradient(180deg, var(--color-brand-light) 0%, #ffffff 45%, var(--color-brand-canvas) 100%);\n' +
    '  }\n' +
    '\n' +
    '  ::selection {\n' +
    '    @apply bg-brand-red text-white;\n' +
    '  }\n' +
    '\n' +
    '  img {\n' +
    '    @apply max-w-full;\n' +
    '  }\n' +
    '\n' +
    '  a,\n' +
    '  button {\n' +
    '    @apply outline-none;\n' +
    '  }\n' +
    '\n' +
    '  a:focus-visible,\n' +
    '  button:focus-visible,\n' +
    '  input:focus-visible,\n' +
    '  select:focus-visible,\n' +
    '  textarea:focus-visible {\n' +
    '    @apply ring-2 ring-brand-red ring-offset-2 ring-offset-brand-white;\n' +
    '  }\n' +
    '}\n' +
    '\n' +
    '@layer components {\n' +
    '  .container-page {\n' +
    '    @apply mx-auto w-full max-w-7xl px-4 sm:px-6 lg:px-8;\n' +
    '  }\n' +
    '\n' +
    '  .surface-panel {\n' +
    '    @apply rounded-md border border-brand-border bg-brand-white shadow-panel;\n' +
    '  }\n' +
    '\n' +
    '  .surface-muted {\n' +
    '    @apply rounded-md border border-brand-border bg-brand-light shadow-soft;\n' +
    '  }\n' +
    '\n' +
    '  .btn-primary {\n' +
    '    @apply inline-flex items-center justify-center gap-2 rounded-button bg-brand-black px-5 py-3 text-sm 
font-semibold uppercase tracking-[0.14em] text-white shadow-soft transition duration-200 hover:bg-brand-charcoal 
hover:shadow-panel;\n' +
    '  }\n' +
    '\n' +
    '  .btn-secondary {\n' +
    '    @apply inline-flex items-center justify-center gap-2 rounded-button border border-brand-border bg-brand-white 
px-5 py-3 text-sm font-semibold uppercase tracking-[0.14em] text-brand-dark transition duration-200 
hover:border-brand-red hover:text-brand-red hover:shadow-soft;\n' +
    '  }\n' +
    '\n' +
    '  .btn-ghost {\n' +
    '    @apply inline-flex items-center justify-center gap-2 rounded-button border border-brand-border bg-brand-white 
px-4 py-2 text-sm font-medium text-brand-gray transition duration-200 hover:border-brand-red hover:text-brand-red 
hover:shadow-soft;\n' +
    '  }\n' +
    '\n' +
    '  .nav-link {\n' +
    '    @apply relative px-1 py-2 text-sm font-medium text-white/80 transition duration-200 hover:text-white;\n' +
    '  }\n' +
    '\n' +
    '  .nav-link::after {\n' +
    '    content: "";\n' +
    '    @apply absolute inset-x-0 -bottom-1 h-0.5 origin-left scale-x-0 rounded-full bg-gradient-to-r from-brand-red 
to-brand-redDark transition-transform duration-200;\n' +
    '  }\n' +
    '\n' +
    '  .nav-link:hover::after,\n' +
    '  .nav-link.is-active::after {\n' +
    '    @apply scale-x-100;\n' +
    '  }\n' +
    '\n' +
    '  .nav-link.is-active {\n' +
    '    @apply text-white;\n' +
    '  }\n' +
    '\n' +
    '  .brand-mark {\n' +
    '    @apply grid size-10 place-items-center rounded-md bg-brand-red text-sm font-black text-white shadow-soft;\n' +
    '  }\n' +
    '\n' +
    '  .brand-gradient-text {\n' +
    '    @apply bg-gradient-to-r from-brand-redDark via-brand-red to-brand-red bg-clip-text text-transparent;\n' +
    '  }\n' +
    '\n' +
    '  .food-image-wrap {\n' +
    '    @apply relative overflow-hidden rounded-md bg-brand-sand;\n' +
    '  }\n' +
    '\n' +
    '  .food-image-wrap::before {\n' +
    '    content: "";\n' +
    '    @apply absolute inset-0 bg-[radial-gradient(circle_at_20%_20%,rgba(var(--color-brand-primary-glow),0.08),trans
parent_18rem),linear-gradient(180deg,rgba(255,255,255,0.0),rgba(17,24,39,0.12))];\n' +
    '  }\n' +
    '\n' +
    '  .food-image {\n' +
    '    @apply relative z-10 h-full w-full object-cover transition-transform duration-[1200ms] 
ease-[cubic-bezier(0.25,1,0.5,1)];\n' +
    '  }\n' +
    '\n' +
    '  .food-image-wrap:hover .food-image,\n' +
    '  .group:hover .food-image,\n' +
    '  .image-zoom:hover {\n' +
    '    transform: scale(1.08);\n' +
    '  }\n' +
    '\n' +
    '  .fade-up {\n' +
    '    animation: fadeUp 640ms ease-out both;\n' +
    '  }\n' +
    '\n' +
    '  .fade-in {\n' +
    '    animation: fadeIn 420ms ease-out both;\n' +
    '  }\n' +
    '\n' +
    '  .button-glow {\n' +
    '    animation: buttonGlow 2.4s ease-in-out infinite;\n' +
    '  }\n' +
    '\n' +
    '  .scroll-reveal {\n' +
    '    @apply translate-y-4 opacity-0 transition duration-800 ease-in-out;\n' +
    '  }\n' +
    '\n' +
    '  .scroll-reveal.is-visible {\n' +
    '    @apply translate-y-0 opacity-100;\n' +
    '  }\n' +
    '\n' +
    '  .reveal-up {\n' +
    '    transform: translateY(40px);\n' +
    '    opacity: 0;\n' +
    '    transition: all 0.8s cubic-bezier(0.25, 1, 0.5, 1);\n' +
    '  }\n' +
    '  \n' +
    '  .reveal-left {\n' +
    '    transform: translateX(40px);\n' +
    '    opacity: 0;\n' +
    '    transition: all 0.8s cubic-bezier(0.25, 1, 0.5, 1);\n' +
    '  }\n' +
    '  \n' +
    '  .reveal-right {\n' +
    '    transform: translateX(-40px);\n' +
    '    opacity: 0;\n' +
    '    transition: all 0.8s cubic-bezier(0.25, 1, 0.5, 1);\n' +
    '  }\n' +
    '\n' +
    '  .reveal-up.is-visible,\n' +
    '  .reveal-left.is-visible,\n' +
    '  .reveal-right.is-visible {\n' +
    '    transform: translate(0, 0);\n' +
    '    opacity: 1;\n' +
    '  }\n' +
    '\n' +
    '  .delay-100 { transition-delay: 100ms; }\n' +
    '  .delay-200 { transition-delay: 200ms; }\n' +
    '\n' +
    '  .site-header {\n' +
    '    @apply fixed inset-x-0 top-0 z-50 border-b border-white/10 text-white backdrop-blur transition 
duration-300;\n' +
    '    background-color: rgba(11, 11, 11, 0.82);\n' +
    '  }\n' +
    '\n' +
    '  .site-header.is-scrolled {\n' +
    '    @apply bg-brand-black shadow-panel;\n' +
    '  }\n' +
    '\n' +
    '  .mobile-drawer-overlay {\n' +
    '    @apply pointer-events-none fixed inset-0 z-[60] bg-black/0 transition duration-300;\n' +
    '  }\n' +
    '\n' +
    '  .mobile-drawer-overlay.is-open {\n' +
    '    @apply pointer-events-auto bg-black/70;\n' +
    '  }\n' +
    '\n' +
    '  .mobile-drawer {\n' +
    '    @apply fixed right-0 top-0 z-[70] h-dvh w-[min(88vw,24rem)] translate-x-full border-l border-white/10 
bg-brand-black shadow-panel transition duration-300 ease-out;\n' +
    '  }\n' +
    '\n' +
    '  .mobile-drawer.is-open {\n' +
    '    @apply translate-x-0;\n' +
    '  }\n' +
    '\n' +
    '  .card-hover {\n' +
    '    @apply transition duration-300 hover:-translate-y-1 hover:border-brand-red/50 hover:shadow-soft;\n' +
    '  }\n' +
    '\n' +
    '  .input-field {\n' +
    '    @apply h-12 w-full rounded-md border border-brand-border bg-brand-white px-3 text-sm text-brand-dark 
placeholder:text-brand-gray/60;\n' +
    '  }\n' +
    '\n' +
    '  .input-area {\n' +
    '    @apply w-full rounded-md border border-brand-border bg-brand-white px-3 py-3 text-sm text-brand-dark 
placeholder:text-brand-gray/60;\n' +
    '  }\n' +
    '\n' +
    '  .section-shell {\n' +
    '    @apply py-16 lg:py-24;\n' +
    '  }\n' +
    '\n' +
    '  .section-band {\n' +
    '    @apply border-y border-brand-border/70 bg-brand-white;\n' +
    '  }\n' +
    '\n' +
    '  .hero-frame {\n' +
    '    @apply relative overflow-hidden border-b border-brand-border bg-brand-white;\n' +
    '  }\n' +
    '\n' +
    '  .hero-card {\n' +
    '    @apply rounded-md border border-brand-border p-6 shadow-panel backdrop-blur sm:p-8 lg:p-10;\n' +
    '    background-color: rgba(255, 255, 255, 0.96);\n' +
    '  }\n' +
    '\n' +
    '  .stat-card {\n' +
    '    @apply rounded-md border border-brand-border bg-brand-white p-4 shadow-soft;\n' +
    '  }\n' +
    '}\n',
  line: 148,
  column: 5,
  endLine: 148,
  endColumn: 72,
  input: {
    column: 5,
    endColumn: 72,
    endLine: 148,
    endOffset: 4319,
    line: 148,
    offset: 4252,
    source: '@tailwind base;\n' +
      '@tailwind components;\n' +
      '@tailwind utilities;\n' +
      '\n' +
      '@layer base {\n' +
      '  :root {\n' +
      '    color-scheme: light;\n' +
      '\n' +
      '    /* Theme Tokens - Phase 1 Red Migration */\n' +
      '    --color-brand-primary: #A30D1E;\n' +
      '    --color-brand-primary-deep: #7A0714;\n' +
      '    --color-brand-primary-soft: #FDECEE;\n' +
      '    --color-brand-primary-glow: 163 13 30;\n' +
      '\n' +
      '    --color-brand-light: #F9FAFB;\n' +
      '    --color-brand-canvas: #FFFFFF;\n' +
      '    --color-brand-sand: #F3F4F6;\n' +
      '    --color-brand-border: #E5E7EB;\n' +
      '\n' +
      '    --color-brand-dark: #111827;\n' +
      '    --color-brand-black: #0B0B0B;\n' +
      '\n' +
      '    /* Legacy Gold Compatibility */\n' +
      '    --color-brand-gold: #B89A62;\n' +
      '    --color-brand-gold-deep: #9E7F43;\n' +
      '    --color-brand-gold-soft: #E7D9BD;\n' +
      '  }\n' +
      '\n' +
      '  html {\n' +
      '    text-rendering: optimizeLegibility;\n' +
      '    -webkit-font-smoothing: antialiased;\n' +
      '    -moz-osx-font-smoothing: grayscale;\n' +
      '  }\n' +
      '\n' +
      '  body {\n' +
      '    @apply min-h-screen bg-brand-light font-sans text-brand-dark;\n' +
      '    background:\n' +
      '      radial-gradient(circle at 0% 0%, rgba(var(--color-brand-primary-glow), 0.045), transparent 30rem),\n' +
      '      radial-gradient(circle at 100% 20%, rgba(var(--color-brand-primary-glow), 0.03), transparent 26rem),\n' +
      '      linear-gradient(180deg, var(--color-brand-light) 0%, #ffffff 45%, var(--color-brand-canvas) 100%);\n' +
      '  }\n' +
      '\n' +
      '  ::selection {\n' +
      '    @apply bg-brand-red text-white;\n' +
      '  }\n' +
      '\n' +
      '  img {\n' +
      '    @apply max-w-full;\n' +
      '  }\n' +
      '\n' +
      '  a,\n' +
      '  button {\n' +
      '    @apply outline-none;\n' +
      '  }\n' +
      '\n' +
      '  a:focus-visible,\n' +
      '  button:focus-visible,\n' +
      '  input:focus-visible,\n' +
      '  select:focus-visible,\n' +
      '  textarea:focus-visible {\n' +
      '    @apply ring-2 ring-brand-red ring-offset-2 ring-offset-brand-white;\n' +
      '  }\n' +
      '}\n' +
      '\n' +
      '@layer components {\n' +
      '  .container-page {\n' +
      '    @apply mx-auto w-full max-w-7xl px-4 sm:px-6 lg:px-8;\n' +
      '  }\n' +
      '\n' +
      '  .surface-panel {\n' +
      '    @apply rounded-md border border-brand-border bg-brand-white shadow-panel;\n' +
      '  }\n' +
      '\n' +
      '  .surface-muted {\n' +
      '    @apply rounded-md border border-brand-border bg-brand-light shadow-soft;\n' +
      '  }\n' +
      '\n' +
      '  .btn-primary {\n' +
      '    @apply inline-flex items-center justify-center gap-2 rounded-button bg-brand-black px-5 py-3 text-sm 
font-semibold uppercase tracking-[0.14em] text-white shadow-soft transition duration-200 hover:bg-brand-charcoal 
hover:shadow-panel;\n' +
      '  }\n' +
      '\n' +
      '  .btn-secondary {\n' +
      '    @apply inline-flex items-center justify-center gap-2 rounded-button border border-brand-border 
bg-brand-white px-5 py-3 text-sm font-semibold uppercase tracking-[0.14em] text-brand-dark transition duration-200 
hover:border-brand-red hover:text-brand-red hover:shadow-soft;\n' +
      '  }\n' +
      '\n' +
      '  .btn-ghost {\n' +
      '    @apply inline-flex items-center justify-center gap-2 rounded-button border border-brand-border 
bg-brand-white px-4 py-2 text-sm font-medium text-brand-gray transition duration-200 hover:border-brand-red 
hover:text-brand-red hover:shadow-soft;\n' +
      '  }\n' +
      '\n' +
      '  .nav-link {\n' +
      '    @apply relative px-1 py-2 text-sm font-medium text-white/80 transition duration-200 hover:text-white;\n' +
      '  }\n' +
      '\n' +
      '  .nav-link::after {\n' +
      '    content: "";\n' +
      '    @apply absolute inset-x-0 -bottom-1 h-0.5 origin-left scale-x-0 rounded-full bg-gradient-to-r 
from-brand-red to-brand-redDark transition-transform duration-200;\n' +
      '  }\n' +
      '\n' +
      '  .nav-link:hover::after,\n' +
      '  .nav-link.is-active::after {\n' +
      '    @apply scale-x-100;\n' +
      '  }\n' +
      '\n' +
      '  .nav-link.is-active {\n' +
      '    @apply text-white;\n' +
      '  }\n' +
      '\n' +
      '  .brand-mark {\n' +
      '    @apply grid size-10 place-items-center rounded-md bg-brand-red text-sm font-black text-white 
shadow-soft;\n' +
      '  }\n' +
      '\n' +
      '  .brand-gradient-text {\n' +
      '    @apply bg-gradient-to-r from-brand-redDark via-brand-red to-brand-red bg-clip-text text-transparent;\n' +
      '  }\n' +
      '\n' +
      '  .food-image-wrap {\n' +
      '    @apply relative overflow-hidden rounded-md bg-brand-sand;\n' +
      '  }\n' +
      '\n' +
      '  .food-image-wrap::before {\n' +
      '    content: "";\n' +
      '    @apply absolute inset-0 bg-[radial-gradient(circle_at_20%_20%,rgba(var(--color-brand-primary-glow),0.08),tra
nsparent_18rem),linear-gradient(180deg,rgba(255,255,255,0.0),rgba(17,24,39,0.12))];\n' +
      '  }\n' +
      '\n' +
      '  .food-image {\n' +
      '    @apply relative z-10 h-full w-full object-cover transition-transform duration-[1200ms] 
ease-[cubic-bezier(0.25,1,0.5,1)];\n' +
      '  }\n' +
      '\n' +
      '  .food-image-wrap:hover .food-image,\n' +
      '  .group:hover .food-image,\n' +
      '  .image-zoom:hover {\n' +
      '    transform: scale(1.08);\n' +
      '  }\n' +
      '\n' +
      '  .fade-up {\n' +
      '    animation: fadeUp 640ms ease-out both;\n' +
      '  }\n' +
      '\n' +
      '  .fade-in {\n' +
      '    animation: fadeIn 420ms ease-out both;\n' +
      '  }\n' +
      '\n' +
      '  .button-glow {\n' +
      '    animation: buttonGlow 2.4s ease-in-out infinite;\n' +
      '  }\n' +
      '\n' +
      '  .scroll-reveal {\n' +
      '    @apply translate-y-4 opacity-0 transition duration-800 ease-in-out;\n' +
      '  }\n' +
      '\n' +
      '  .scroll-reveal.is-visible {\n' +
      '    @apply translate-y-0 opacity-100;\n' +
      '  }\n' +
      '\n' +
      '  .reveal-up {\n' +
      '    transform: translateY(40px);\n' +
      '    opacity: 0;\n' +
      '    transition: all 0.8s cubic-bezier(0.25, 1, 0.5, 1);\n' +
      '  }\n' +
      '  \n' +
      '  .reveal-left {\n' +
      '    transform: translateX(40px);\n' +
      '    opacity: 0;\n' +
      '    transition: all 0.8s cubic-bezier(0.25, 1, 0.5, 1);\n' +
      '  }\n' +
      '  \n' +
      '  .reveal-right {\n' +
      '    transform: translateX(-40px);\n' +
      '    opacity: 0;\n' +
      '    transition: all 0.8s cubic-bezier(0.25, 1, 0.5, 1);\n' +
      '  }\n' +
      '\n' +
      '  .reveal-up.is-visible,\n' +
      '  .reveal-left.is-visible,\n' +
      '  .reveal-right.is-visible {\n' +
      '    transform: translate(0, 0);\n' +
      '    opacity: 1;\n' +
      '  }\n' +
      '\n' +
      '  .delay-100 { transition-delay: 100ms; }\n' +
      '  .delay-200 { transition-delay: 200ms; }\n' +
      '\n' +
      '  .site-header {\n' +
      '    @apply fixed inset-x-0 top-0 z-50 border-b border-white/10 text-white backdrop-blur transition 
duration-300;\n' +
      '    background-color: rgba(11, 11, 11, 0.82);\n' +
      '  }\n' +
      '\n' +
      '  .site-header.is-scrolled {\n' +
      '    @apply bg-brand-black shadow-panel;\n' +
      '  }\n' +
      '\n' +
      '  .mobile-drawer-overlay {\n' +
      '    @apply pointer-events-none fixed inset-0 z-[60] bg-black/0 transition duration-300;\n' +
      '  }\n' +
      '\n' +
      '  .mobile-drawer-overlay.is-open {\n' +
      '    @apply pointer-events-auto bg-black/70;\n' +
      '  }\n' +
      '\n' +
      '  .mobile-drawer {\n' +
      '    @apply fixed right-0 top-0 z-[70] h-dvh w-[min(88vw,24rem)] translate-x-full border-l border-white/10 
bg-brand-black shadow-panel transition duration-300 ease-out;\n' +
      '  }\n' +
      '\n' +
      '  .mobile-drawer.is-open {\n' +
      '    @apply translate-x-0;\n' +
      '  }\n' +
      '\n' +
      '  .card-hover {\n' +
      '    @apply transition duration-300 hover:-translate-y-1 hover:border-brand-red/50 hover:shadow-soft;\n' +
      '  }\n' +
      '\n' +
      '  .input-field {\n' +
      '    @apply h-12 w-full rounded-md border border-brand-border bg-brand-white px-3 text-sm text-brand-dark 
placeholder:text-brand-gray/60;\n' +
      '  }\n' +
      '\n' +
      '  .input-area {\n' +
      '    @apply w-full rounded-md border border-brand-border bg-brand-white px-3 py-3 text-sm text-brand-dark 
placeholder:text-brand-gray/60;\n' +
      '  }\n' +
      '\n' +
      '  .section-shell {\n' +
      '    @apply py-16 lg:py-24;\n' +
      '  }\n' +
      '\n' +
      '  .section-band {\n' +
      '    @apply border-y border-brand-border/70 bg-brand-white;\n' +
      '  }\n' +
      '\n' +
      '  .hero-frame {\n' +
      '    @apply relative overflow-hidden border-b border-brand-border bg-brand-white;\n' +
      '  }\n' +
      '\n' +
      '  .hero-card {\n' +
      '    @apply rounded-md border border-brand-border p-6 shadow-panel backdrop-blur sm:p-8 lg:p-10;\n' +
      '    background-color: rgba(255, 255, 255, 0.96);\n' +
      '  }\n' +
      '\n' +
      '  .stat-card {\n' +
      '    @apply rounded-md border border-brand-border bg-brand-white p-4 shadow-soft;\n' +
      '  }\n' +
      '}\n',
    url: 'file:///F:/Coding/Web%20development/KIG%20Holding/KIGHolding/wwwroot/css/input.css',
    file: 'F:\\Coding\\Web development\\KIG Holding\\KIGHolding\\wwwroot\\css\\input.css'
  },
  plugin: 'tailwindcss'
}
